Feb 19, 2018 1:47:14 AM Main main
INFO: graph for the tasks generated
Feb 19, 2018 1:47:14 AM Main main
INFO: Level for execution of the tasks generated
Feb 19, 2018 1:47:14 AM Main main
INFO: 6 Task completed
Feb 19, 2018 1:47:14 AM Main main
INFO: 6 Task completed
Feb 19, 2018 1:47:14 AM Main main
INFO: 6 Task completed
Feb 19, 2018 1:47:14 AM Main main
INFO: 6 Task completed
Feb 19, 2018 1:47:14 AM Main main
INFO: 6 Task completed
Feb 19, 2018 1:47:14 AM Main main
INFO: 6 Task completed
Feb 19, 2018 1:47:14 AM Main main
INFO: 4 Task completed
Feb 19, 2018 1:47:14 AM Main main
INFO: 4 Task completed
Feb 19, 2018 1:47:14 AM Main main
INFO: 4 Task completed
Feb 19, 2018 1:47:14 AM Main main
INFO: 5 Task completed
Feb 19, 2018 1:47:14 AM Main main
INFO: 5 Task completed
Feb 19, 2018 1:47:14 AM Main main
INFO: 5 Task completed
Feb 19, 2018 1:47:14 AM Main main
INFO: 5 Task completed
Feb 19, 2018 1:47:14 AM Main main
INFO: 7 Task completed
Feb 19, 2018 1:47:14 AM Main main
INFO: 7 Task completed
Feb 19, 2018 1:47:14 AM Main main
INFO: 7 Task completed
Feb 19, 2018 1:47:14 AM Main main
INFO: 3 Task completed
Feb 19, 2018 1:47:14 AM Main main
INFO: 3 Task completed
Feb 19, 2018 1:47:14 AM Main main
INFO: 2 Task completed
